main.c:25:5:main	8	static
main.c:54:6:CAN1_Init	8	static
main.c:76:6:CAN_Filter_Config	48	static
main.c:96:6:CAN1_Tx	48	static
main.c:113:6:HAL_CAN_TxMailbox0CompleteCallback	80	static
main.c:119:6:HAL_CAN_TxMailbox1CompleteCallback	80	static
main.c:125:6:HAL_CAN_TxMailbox2CompleteCallback	80	static
main.c:131:6:HAL_CAN_RxFifo0MsgPendingCallback	104	static
main.c:146:6:HAL_CAN_ErrorCallback	72	static
main.c:153:6:GPIO_Init	32	static
main.c:165:6:UART2_Init	8	static
main.c:179:6:SystemClock_Config	88	static
main.c:279:6:Error_handler	4	static
