main.c:29:5:main	8	static
main.c:50:6:CAN1_Init	8	static
main.c:73:6:CAN_Filter_Config	48	static
main.c:94:6:CAN1_Tx	40	static
main.c:121:6:GPIO_Init	40	static
main.c:148:6:UART2_Init	8	static
main.c:162:6:TIMER6_Init	8	static
main.c:173:6:HAL_CAN_TxMailbox0CompleteCallback	80	static
main.c:181:6:HAL_CAN_TxMailbox1CompleteCallback	80	static
main.c:189:6:HAL_CAN_TxMailbox2CompleteCallback	80	static
main.c:197:7:HAL_CAN_RxFifo0MsgPendingCallback	80	static
main.c:232:7:HAL_TIM_PeriodElapsedCallback	48	static
main.c:262:7:LED_Manage_Output	16	static
main.c:294:7:Send_response	48	static
main.c:312:6:SystemClock_Config	88	static
main.c:412:6:Error_handler	4	static
