Archive member included to satisfy reference by file (symbol)

c:/application/software stm32_cube/stm32cubeide/stm32cubeide_1.0.2/stm32cubeide/plugins/com.st.stm32cube.ide.mcu.externaltools.gnu-tools-for-stm32.7-2018-q2-update.win32_1.0.0.201904181610/tools/bin/../lib/gcc/arm-none-eabi/7.3.1/../../../../arm-none-eabi/lib/thumb/v7e-m/fpv4-sp/hard\libc_nano.a(lib_a-exit.o)
                              c:/application/software stm32_cube/stm32cubeide/stm32cubeide_1.0.2/stm32cubeide/plugins/com.st.stm32cube.ide.mcu.externaltools.gnu-tools-for-stm32.7-2018-q2-update.win32_1.0.0.201904181610/tools/bin/../lib/gcc/arm-none-eabi/7.3.1/../../../../arm-none-eabi/lib/thumb/v7e-m/fpv4-sp/hard/crt0.o (exit)
c:/application/software stm32_cube/stm32cubeide/stm32cubeide_1.0.2/stm32cubeide/plugins/com.st.stm32cube.ide.mcu.externaltools.gnu-tools-for-stm32.7-2018-q2-update.win32_1.0.0.201904181610/tools/bin/../lib/gcc/arm-none-eabi/7.3.1/../../../../arm-none-eabi/lib/thumb/v7e-m/fpv4-sp/hard\libc_nano.a(lib_a-impure.o)
                              c:/application/software stm32_cube/stm32cubeide/stm32cubeide_1.0.2/stm32cubeide/plugins/com.st.stm32cube.ide.mcu.externaltools.gnu-tools-for-stm32.7-2018-q2-update.win32_1.0.0.201904181610/tools/bin/../lib/gcc/arm-none-eabi/7.3.1/../../../../arm-none-eabi/lib/thumb/v7e-m/fpv4-sp/hard\libc_nano.a(lib_a-exit.o) (_global_impure_ptr)
c:/application/software stm32_cube/stm32cubeide/stm32cubeide_1.0.2/stm32cubeide/plugins/com.st.stm32cube.ide.mcu.externaltools.gnu-tools-for-stm32.7-2018-q2-update.win32_1.0.0.201904181610/tools/bin/../lib/gcc/arm-none-eabi/7.3.1/../../../../arm-none-eabi/lib/thumb/v7e-m/fpv4-sp/hard\libc_nano.a(lib_a-init.o)
                              c:/application/software stm32_cube/stm32cubeide/stm32cubeide_1.0.2/stm32cubeide/plugins/com.st.stm32cube.ide.mcu.externaltools.gnu-tools-for-stm32.7-2018-q2-update.win32_1.0.0.201904181610/tools/bin/../lib/gcc/arm-none-eabi/7.3.1/../../../../arm-none-eabi/lib/thumb/v7e-m/fpv4-sp/hard/crt0.o (__libc_init_array)
c:/application/software stm32_cube/stm32cubeide/stm32cubeide_1.0.2/stm32cubeide/plugins/com.st.stm32cube.ide.mcu.externaltools.gnu-tools-for-stm32.7-2018-q2-update.win32_1.0.0.201904181610/tools/bin/../lib/gcc/arm-none-eabi/7.3.1/../../../../arm-none-eabi/lib/thumb/v7e-m/fpv4-sp/hard\libc_nano.a(lib_a-memset.o)
                              c:/application/software stm32_cube/stm32cubeide/stm32cubeide_1.0.2/stm32cubeide/plugins/com.st.stm32cube.ide.mcu.externaltools.gnu-tools-for-stm32.7-2018-q2-update.win32_1.0.0.201904181610/tools/bin/../lib/gcc/arm-none-eabi/7.3.1/../../../../arm-none-eabi/lib/thumb/v7e-m/fpv4-sp/hard/crt0.o (memset)
c:/application/software stm32_cube/stm32cubeide/stm32cubeide_1.0.2/stm32cubeide/plugins/com.st.stm32cube.ide.mcu.externaltools.gnu-tools-for-stm32.7-2018-q2-update.win32_1.0.0.201904181610/tools/bin/../lib/gcc/arm-none-eabi/7.3.1/thumb/v7e-m/fpv4-sp/hard\libgcc.a(_aeabi_uldivmod.o)
                              Drivers/STM32F4xx_HAL_Driver/Src/stm32f4xx_hal_rcc.o (__aeabi_uldivmod)
c:/application/software stm32_cube/stm32cubeide/stm32cubeide_1.0.2/stm32cubeide/plugins/com.st.stm32cube.ide.mcu.externaltools.gnu-tools-for-stm32.7-2018-q2-update.win32_1.0.0.201904181610/tools/bin/../lib/gcc/arm-none-eabi/7.3.1/thumb/v7e-m/fpv4-sp/hard\libgcc.a(_udivmoddi4.o)
                              c:/application/software stm32_cube/stm32cubeide/stm32cubeide_1.0.2/stm32cubeide/plugins/com.st.stm32cube.ide.mcu.externaltools.gnu-tools-for-stm32.7-2018-q2-update.win32_1.0.0.201904181610/tools/bin/../lib/gcc/arm-none-eabi/7.3.1/thumb/v7e-m/fpv4-sp/hard\libgcc.a(_aeabi_uldivmod.o) (__udivmoddi4)
c:/application/software stm32_cube/stm32cubeide/stm32cubeide_1.0.2/stm32cubeide/plugins/com.st.stm32cube.ide.mcu.externaltools.gnu-tools-for-stm32.7-2018-q2-update.win32_1.0.0.201904181610/tools/bin/../lib/gcc/arm-none-eabi/7.3.1/thumb/v7e-m/fpv4-sp/hard\libgcc.a(_dvmd_tls.o)
                              c:/application/software stm32_cube/stm32cubeide/stm32cubeide_1.0.2/stm32cubeide/plugins/com.st.stm32cube.ide.mcu.externaltools.gnu-tools-for-stm32.7-2018-q2-update.win32_1.0.0.201904181610/tools/bin/../lib/gcc/arm-none-eabi/7.3.1/thumb/v7e-m/fpv4-sp/hard\libgcc.a(_aeabi_uldivmod.o) (__aeabi_ldiv0)
c:/application/software stm32_cube/stm32cubeide/stm32cubeide_1.0.2/stm32cubeide/plugins/com.st.stm32cube.ide.mcu.externaltools.gnu-tools-for-stm32.7-2018-q2-update.win32_1.0.0.201904181610/tools/bin/../lib/gcc/arm-none-eabi/7.3.1/../../../../arm-none-eabi/lib/thumb/v7e-m/fpv4-sp/hard\libnosys.a(_exit.o)
                              c:/application/software stm32_cube/stm32cubeide/stm32cubeide_1.0.2/stm32cubeide/plugins/com.st.stm32cube.ide.mcu.externaltools.gnu-tools-for-stm32.7-2018-q2-update.win32_1.0.0.201904181610/tools/bin/../lib/gcc/arm-none-eabi/7.3.1/../../../../arm-none-eabi/lib/thumb/v7e-m/fpv4-sp/hard\libc_nano.a(lib_a-exit.o) (_exit)

Allocating common symbols
Common symbol       size              file

[...]
Memory Configuration

Name             Origin             Length             Attributes
CCMRAM           0x0000000010000000 0x0000000000010000 xrw
RAM              0x0000000020000000 0x0000000000020000 xrw
FLASH            0x0000000008000000 0x0000000000100000 xr
*default*        0x0000000000000000 0xffffffffffffffff

Linker script and memory map

LOAD c:/application/software stm32_cube/stm32cubeide/stm32cubeide_1.0.2/stm32cubeide/plugins/com.st.stm32cube.ide.mcu.externaltools.gnu-tools-for-stm32.7-2018-q2-update.win32_1.0.0.201904181610/tools/bin/../lib/gcc/arm-none-eabi/7.3.1/thumb/v7e-m/fpv4-sp/hard/crti.o
LOAD c:/application/software stm32_cube/stm32cubeide/stm32cubeide_1.0.2/stm32cubeide/plugins/com.st.stm32cube.ide.mcu.externaltools.gnu-tools-for-stm32.7-2018-q2-update.win32_1.0.0.201904181610/tools/bin/../lib/gcc/arm-none-eabi/7.3.1/thumb/v7e-m/fpv4-sp/hard/crtbegin.o
LOAD c:/application/software stm32_cube/stm32cubeide/stm32cubeide_1.0.2/stm32cubeide/plugins/com.st.stm32cube.ide.mcu.externaltools.gnu-tools-for-stm32.7-2018-q2-update.win32_1.0.0.201904181610/tools/bin/../lib/gcc/arm-none-eabi/7.3.1/../../../../arm-none-eabi/lib/thumb/v7e-m/fpv4-sp/hard/crt0.o
LOAD Drivers/STM32F4xx_HAL_Driver/Src/stm32f4xx_hal.o
LOAD Drivers/STM32F4xx_HAL_Driver/Src/stm32f4xx_hal_cortex.o
LOAD Drivers/STM32F4xx_HAL_Driver/Src/stm32f4xx_hal_dma.o
LOAD Drivers/STM32F4xx_HAL_Driver/Src/stm32f4xx_hal_dma_ex.o
LOAD Drivers/STM32F4xx_HAL_Driver/Src/stm32f4xx_hal_exti.o
LOAD Drivers/STM32F4xx_HAL_Driver/Src/stm32f4xx_hal_flash.o
LOAD Drivers/STM32F4xx_HAL_Driver/Src/stm32f4xx_hal_flash_ex.o
LOAD Drivers/STM32F4xx_HAL_Driver/Src/stm32f4xx_hal_flash_ramfunc.o
LOAD Drivers/STM32F4xx_HAL_Driver/Src/stm32f4xx_hal_gpio.o
LOAD Drivers/STM32F4xx_HAL_Driver/Src/stm32f4xx_hal_pwr.o
LOAD Drivers/STM32F4xx_HAL_Driver/Src/stm32f4xx_hal_pwr_ex.o
LOAD Drivers/STM32F4xx_HAL_Driver/Src/stm32f4xx_hal_rcc.o
LOAD Drivers/STM32F4xx_HAL_Driver/Src/stm32f4xx_hal_rcc_ex.o
LOAD Drivers/STM32F4xx_HAL_Driver/Src/stm32f4xx_hal_tim.o
LOAD Drivers/STM32F4xx_HAL_Driver/Src/stm32f4xx_hal_tim_ex.o
LOAD Drivers/STM32F4xx_HAL_Driver/Src/stm32f4xx_hal_uart.o
LOAD Src/it.o
LOAD Src/main.o
LOAD Src/msp.o
LOAD Src/system_stm32f4xx.o
LOAD Startup/startup_stm32f407vgtx.o
START GROUP
LOAD c:/application/software stm32_cube/stm32cubeide/stm32cubeide_1.0.2/stm32cubeide/plugins/com.st.stm32cube.ide.mcu.externaltools.gnu-tools-for-stm32.7-2018-q2-update.win32_1.0.0.201904181610/tools/bin/../lib/gcc/arm-none-eabi/7.3.1/../../../../arm-none-eabi/lib/thumb/v7e-m/fpv4-sp/hard\libc_nano.a
LOAD c:/application/software stm32_cube/stm32cubeide/stm32cubeide_1.0.2/stm32cubeide/plugins/com.st.stm32cube.ide.mcu.externaltools.gnu-tools-for-stm32.7-2018-q2-update.win32_1.0.0.201904181610/tools/bin/../lib/gcc/arm-none-eabi/7.3.1/../../../../arm-none-eabi/lib/thumb/v7e-m/fpv4-sp/hard\libm.a
END GROUP
START GROUP
LOAD c:/application/software stm32_cube/stm32cubeide/stm32cubeide_1.0.2/stm32cubeide/plugins/com.st.stm32cube.ide.mcu.externaltools.gnu-tools-for-stm32.7-2018-q2-update.win32_1.0.0.201904181610/tools/bin/../lib/gcc/arm-none-eabi/7.3.1/thumb/v7e-m/fpv4-sp/hard\libgcc.a
LOAD c:/application/software stm32_cube/stm32cubeide/stm32cubeide_1.0.2/stm32cubeide/plugins/com.st.stm32cube.ide.mcu.externaltools.gnu-tools-for-stm32.7-2018-q2-update.win32_1.0.0.201904181610/tools/bin/../lib/gcc/arm-none-eabi/7.3.1/../../../../arm-none-eabi/lib/thumb/v7e-m/fpv4-sp/hard\libc_nano.a
END GROUP
START GROUP
LOAD c:/application/software stm32_cube/stm32cubeide/stm32cubeide_1.0.2/stm32cubeide/plugins/com.st.stm32cube.ide.mcu.externaltools.gnu-tools-for-stm32.7-2018-q2-update.win32_1.0.0.201904181610/tools/bin/../lib/gcc/arm-none-eabi/7.3.1/thumb/v7e-m/fpv4-sp/hard\libgcc.a
LOAD c:/application/software stm32_cube/stm32cubeide/stm32cubeide_1.0.2/stm32cubeide/plugins/com.st.stm32cube.ide.mcu.externaltools.gnu-tools-for-stm32.7-2018-q2-update.win32_1.0.0.201904181610/tools/bin/../lib/gcc/arm-none-eabi/7.3.1/../../../../arm-none-eabi/lib/thumb/v7e-m/fpv4-sp/hard\libc_nano.a
LOAD c:/application/software stm32_cube/stm32cubeide/stm32cubeide_1.0.2/stm32cubeide/plugins/com.st.stm32cube.ide.mcu.externaltools.gnu-tools-for-stm32.7-2018-q2-update.win32_1.0.0.201904181610/tools/bin/../lib/gcc/arm-none-eabi/7.3.1/../../../../arm-none-eabi/lib/thumb/v7e-m/fpv4-sp/hard\libnosys.a
END GROUP
START GROUP
LOAD c:/application/software stm32_cube/stm32cubeide/stm32cubeide_1.0.2/stm32cubeide/plugins/com.st.stm32cube.ide.mcu.externaltools.gnu-tools-for-stm32.7-2018-q2-update.win32_1.0.0.201904181610/tools/bin/../lib/gcc/arm-none-eabi/7.3.1/thumb/v7e-m/fpv4-sp/hard\libgcc.a
LOAD c:/application/software stm32_cube/stm32cubeide/stm32cubeide_1.0.2/stm32cubeide/plugins/com.st.stm32cube.ide.mcu.externaltools.gnu-tools-for-stm32.7-2018-q2-update.win32_1.0.0.201904181610/tools/bin/../lib/gcc/arm-none-eabi/7.3.1/../../../../arm-none-eabi/lib/thumb/v7e-m/fpv4-sp/hard\libc_nano.a
LOAD c:/application/software stm32_cube/stm32cubeide/stm32cubeide_1.0.2/stm32cubeide/plugins/com.st.stm32cube.ide.mcu.externaltools.gnu-tools-for-stm32.7-2018-q2-update.win32_1.0.0.201904181610/tools/bin/../lib/gcc/arm-none-eabi/7.3.1/../../../../arm-none-eabi/lib/thumb/v7e-m/fpv4-sp/hard\libnosys.a
END GROUP
LOAD c:/application/software stm32_cube/stm32cubeide/stm32cubeide_1.0.2/stm32cubeide/plugins/com.st.stm32cube.ide.mcu.externaltools.gnu-tools-for-stm32.7-2018-q2-update.win32_1.0.0.201904181610/tools/bin/../lib/gcc/arm-none-eabi/7.3.1/thumb/v7e-m/fpv4-sp/hard/crtend.o
LOAD c:/application/software stm32_cube/stm32cubeide/stm32cubeide_1.0.2/stm32cubeide/plugins/com.st.stm32cube.ide.mcu.externaltools.gnu-tools-for-stm32.7-2018-q2-update.win32_1.0.0.201904181610/tools/bin/../lib/gcc/arm-none-eabi/7.3.1/thumb/v7e-m/fpv4-sp/hard/crtn.o
                0x0000000020020000                _estack = 0x20020000
                0x0000000000000200                _Min_Heap_Size = 0x200
                0x0000000000000400                _Min_Stack_Size = 0x400

.isr_vector     0x0000000008000000      0x188
                0x0000000008000000                . = ALIGN (0x4)
 *(.isr_vector)
 .isr_vector    0x0000000008000000      0x188 Startup/startup_stm32f407vgtx.o
                0x0000000008000000                g_pfnVectors
                0x0000000008000188                . = ALIGN (0x4)

.text           0x0000000008000188      0xaec
                0x0000000008000188                . = ALIGN (0x4)
 *(.text)
 .text          0x0000000008000188       0x40 c:/application/software stm32_cube/stm32cubeide/stm32cubeide_1.0.2/stm32cubeide/plugins/com.st.stm32cube.ide.mcu.externaltools.gnu-tools-for-stm32.7-2018-q2-update.win32_1.0.0.201904181610/tools/bin/../lib/gcc/arm-none-eabi/7.3.1/thumb/v7e-m/fpv4-sp/hard/crtbegin.o
 *(.text*)
 .text.HAL_Init
                0x00000000080001c8       0x44 Drivers/STM32F4xx_HAL_Driver/Src/stm32f4xx_hal.o
                0x00000000080001c8                HAL_Init
 .text.HAL_InitTick
                0x000000000800020c       0x60 Drivers/STM32F4xx_HAL_Driver/Src/stm32f4xx_hal.o
                0x000000000800020c                HAL_InitTick
 .text.HAL_IncTick
                0x000000000800026c       0x28 Drivers/STM32F4xx_HAL_Driver/Src/stm32f4xx_hal.o
                0x000000000800026c                HAL_IncTick
 .text.__NVIC_SetPriorityGrouping
                0x0000000008000294       0x48 Drivers/STM32F4xx_HAL_Driver/Src/stm32f4xx_hal_cortex.o
 .text.__NVIC_GetPriorityGrouping
                0x00000000080002dc       0x1c Drivers/STM32F4xx_HAL_Driver/Src/stm32f4xx_hal_cortex.o
 .text.__NVIC_EnableIRQ
                0x00000000080002f8       0x3c Drivers/STM32F4xx_HAL_Driver/Src/stm32f4xx_hal_cortex.o
 .text.__NVIC_SetPriority
                0x0000000008000334       0x54 Drivers/STM32F4xx_HAL_Driver/Src/stm32f4xx_hal_cortex.o
 .text.NVIC_EncodePriority
                0x0000000008000388       0x66 Drivers/STM32F4xx_HAL_Driver/Src/stm32f4xx_hal_cortex.o
 *fill*         0x00000000080003ee        0x2 
 .text.SysTick_Config
                0x00000000080003f0       0x44 Drivers/STM32F4xx_HAL_Driver/Src/stm32f4xx_hal_cortex.o
 .text.HAL_NVIC_SetPriorityGrouping
                0x0000000008000434       0x16 Drivers/STM32F4xx_HAL_Driver/Src/stm32f4xx_hal_cortex.o
                0x0000000008000434                HAL_NVIC_SetPriorityGrouping
 .text.HAL_NVIC_SetPriority
                0x000000000800044a       0x38 Drivers/STM32F4xx_HAL_Driver/Src/stm32f4xx_hal_cortex.o
                0x000000000800044a                HAL_NVIC_SetPriority
 .text.HAL_NVIC_EnableIRQ
                0x0000000008000482       0x1c Drivers/STM32F4xx_HAL_Driver/Src/stm32f4xx_hal_cortex.o
                0x0000000008000482                HAL_NVIC_EnableIRQ
 .text.HAL_SYSTICK_Config
                0x000000000800049e       0x18 Drivers/STM32F4xx_HAL_Driver/Src/stm32f4xx_hal_cortex.o
                0x000000000800049e                HAL_SYSTICK_Config
 .text.HAL_SYSTICK_IRQHandler
                0x00000000080004b6        0xc Drivers/STM32F4xx_HAL_Driver/Src/stm32f4xx_hal_cortex.o
                0x00000000080004b6                HAL_SYSTICK_IRQHandler
 .text.HAL_SYSTICK_Callback
                0x00000000080004c2        0xe Drivers/STM32F4xx_HAL_Driver/Src/stm32f4xx_hal_cortex.o
                0x00000000080004c2                HAL_SYSTICK_Callback
 .text.HAL_GPIO_Init
                0x00000000080004d0      0x334 Drivers/STM32F4xx_HAL_Driver/Src/stm32f4xx_hal_gpio.o
                0x00000000080004d0                HAL_GPIO_Init
 .text.HAL_GPIO_TogglePin
                0x0000000008000804       0x36 Drivers/STM32F4xx_HAL_Driver/Src/stm32f4xx_hal_gpio.o
                0x0000000008000804                HAL_GPIO_TogglePin
 .text.HAL_TIM_Base_Init
                0x000000000800083a       0x56 Drivers/STM32F4xx_HAL_Driver/Src/stm32f4xx_hal_tim.o
                0x000000000800083a                HAL_TIM_Base_Init
 .text.HAL_TIM_Base_Start
                0x0000000008000890       0x48 Drivers/STM32F4xx_HAL_Driver/Src/stm32f4xx_hal_tim.o
                0x0000000008000890                HAL_TIM_Base_Start
 .text.TIM_Base_SetConfig
                0x00000000080008d8      0x140 Drivers/STM32F4xx_HAL_Driver/Src/stm32f4xx_hal_tim.o
                0x00000000080008d8                TIM_Base_SetConfig
 .text.SysTick_Handler
                0x0000000008000a18       0x10 Src/it.o
                0x0000000008000a18                SysTick_Handler
 .text.main     0x0000000008000a28       0x54 Src/main.o
                0x0000000008000a28                main
 .text.TIMER6_Init
                0x0000000008000a7c       0x34 Src/main.o
 .text.GPIO_Init
                0x0000000008000ab0       0x4c Src/main.o
 .text.SystemClock_Config
                0x0000000008000afc        0xe Src/main.o
 .text.Error_handler
                0x0000000008000b0a        0xe Src/main.o
 .text.HAL_MspInit
                0x0000000008000b18       0x3c Src/msp.o
                0x0000000008000b18                HAL_MspInit
 .text.HAL_TIM_Base_MspInit
                0x0000000008000b54       0x40 Src/msp.o
                0x0000000008000b54                HAL_TIM_Base_MspInit
 .text.SystemInit
                0x0000000008000b94       0x2c Src/system_stm32f4xx.o
                0x0000000008000b94                SystemInit
 .text.Reset_Handler
                0x0000000008000bc0       0x50 Startup/startup_stm32f407vgtx.o
                0x0000000008000bc0                Reset_Handler
 .text.Default_Handler
                0x0000000008000c10        0x2 Startup/startup_stm32f407vgtx.o
                0x0000000008000c10                RTC_Alarm_IRQHandler
                0x0000000008000c10                HASH_RNG_IRQHandler
                0x0000000008000c10                EXTI2_IRQHandler
                0x0000000008000c10                TIM8_CC_IRQHandler
                0x0000000008000c10                DebugMon_Handler
                0x0000000008000c10                TIM1_CC_IRQHandler
                0x0000000008000c10                DMA2_Stream5_IRQHandler
                0x0000000008000c10                HardFault_Handler
                0x0000000008000c10                DMA1_Stream5_IRQHandler
                0x0000000008000c10                PVD_IRQHandler
                0x0000000008000c10                SDIO_IRQHandler
                0x0000000008000c10                TAMP_STAMP_IRQHandler
                0x0000000008000c10                PendSV_Handler
                0x0000000008000c10                NMI_Handler
                0x0000000008000c10                CAN2_RX1_IRQHandler
                0x0000000008000c10                EXTI3_IRQHandler
                0x0000000008000c10                TIM8_TRG_COM_TIM14_IRQHandler
                0x0000000008000c10                TIM1_UP_TIM10_IRQHandler
                0x0000000008000c10                TIM8_UP_TIM13_IRQHandler
                0x0000000008000c10                I2C3_ER_IRQHandler
                0x0000000008000c10                EXTI0_IRQHandler
                0x0000000008000c10                I2C2_EV_IRQHandler
                0x0000000008000c10                DMA1_Stream2_IRQHandler
                0x0000000008000c10                CAN1_RX0_IRQHandler
                0x0000000008000c10                FPU_IRQHandler
                0x0000000008000c10                OTG_HS_WKUP_IRQHandler
                0x0000000008000c10                UsageFault_Handler
                0x0000000008000c10                CAN2_SCE_IRQHandler
                0x0000000008000c10                DMA2_Stream2_IRQHandler
                0x0000000008000c10                SPI1_IRQHandler
                0x0000000008000c10                TIM6_DAC_IRQHandler
                0x0000000008000c10                TIM1_BRK_TIM9_IRQHandler
                0x0000000008000c10                DCMI_IRQHandler
                0x0000000008000c10                CAN2_RX0_IRQHandler
                0x0000000008000c10                DMA2_Stream3_IRQHandler
                0x0000000008000c10                USART6_IRQHandler
                0x0000000008000c10                USART3_IRQHandler
                0x0000000008000c10                CAN1_RX1_IRQHandler
                0x0000000008000c10                UART5_IRQHandler
                0x0000000008000c10                DMA2_Stream0_IRQHandler
                0x0000000008000c10                TIM4_IRQHandler
                0x0000000008000c10                I2C1_EV_IRQHandler
                0x0000000008000c10                DMA1_Stream6_IRQHandler
                0x0000000008000c10                DMA1_Stream1_IRQHandler
                0x0000000008000c10                UART4_IRQHandler
                0x0000000008000c10                TIM3_IRQHandler
                0x0000000008000c10                RCC_IRQHandler
                0x0000000008000c10                TIM8_BRK_TIM12_IRQHandler
                0x0000000008000c10                Default_Handler
                0x0000000008000c10                EXTI15_10_IRQHandler
                0x0000000008000c10                ADC_IRQHandler
                0x0000000008000c10                DMA1_Stream7_IRQHandler
                0x0000000008000c10                TIM7_IRQHandler
                0x0000000008000c10                CAN2_TX_IRQHandler
                0x0000000008000c10                TIM5_IRQHandler
                0x0000000008000c10                DMA2_Stream7_IRQHandler
                0x0000000008000c10                I2C3_EV_IRQHandler
                0x0000000008000c10                EXTI9_5_IRQHandler
                0x0000000008000c10                RTC_WKUP_IRQHandler
                0x0000000008000c10                ETH_WKUP_IRQHandler
                0x0000000008000c10                SPI2_IRQHandler
                0x0000000008000c10                OTG_HS_EP1_IN_IRQHandler
                0x0000000008000c10                MemManage_Handler
                0x0000000008000c10                DMA1_Stream0_IRQHandler
                0x0000000008000c10                CAN1_TX_IRQHandler
                0x0000000008000c10                SVC_Handler
                0x0000000008000c10                EXTI4_IRQHandler
                0x0000000008000c10                FSMC_IRQHandler
                0x0000000008000c10                ETH_IRQHandler
                0x0000000008000c10                OTG_HS_EP1_OUT_IRQHandler
                0x0000000008000c10                WWDG_IRQHandler
                0x0000000008000c10                TIM2_IRQHandler
                0x0000000008000c10                OTG_FS_WKUP_IRQHandler
                0x0000000008000c10                TIM1_TRG_COM_TIM11_IRQHandler
                0x0000000008000c10                OTG_HS_IRQHandler
                0x0000000008000c10                EXTI1_IRQHandler
                0x0000000008000c10                USART2_IRQHandler
                0x0000000008000c10                I2C2_ER_IRQHandler
                0x0000000008000c10                DMA2_Stream1_IRQHandler
                0x0000000008000c10                CAN1_SCE_IRQHandler
                0x0000000008000c10                FLASH_IRQHandler
                0x0000000008000c10                DMA2_Stream4_IRQHandler
                0x0000000008000c10                BusFault_Handler
                0x0000000008000c10                USART1_IRQHandler
                0x0000000008000c10                OTG_FS_IRQHandler
                0x0000000008000c10                SPI3_IRQHandler
                0x0000000008000c10                DMA1_Stream4_IRQHandler
                0x0000000008000c10                I2C1_ER_IRQHandler
                0x0000000008000c10                DMA2_Stream6_IRQHandler
                0x0000000008000c10                DMA1_Stream3_IRQHandler
 *fill*         0x0000000008000c12        0x2 
 .text.__libc_init_array
                0x0000000008000c14       0x48 c:/application/software stm32_cube/stm32cubeide/stm32cubeide_1.0.2/stm32cubeide/plugins/com.st.stm32cube.ide.mcu.externaltools.gnu-tools-for-stm32.7-2018-q2-update.win32_1.0.0.201904181610/tools/bin/../lib/gcc/arm-none-eabi/7.3.1/../../../../arm-none-eabi/lib/thumb/v7e-m/fpv4-sp/hard\libc_nano.a(lib_a-init.o)
                0x0000000008000c14                __libc_init_array
 *(.glue_7)
 .glue_7        0x0000000008000c5c        0x0 linker stubs
 *(.glue_7t)
 .glue_7t       0x0000000008000c5c        0x0 linker stubs
 *(.eh_frame)
 .eh_frame      0x0000000008000c5c        0x0 c:/application/software stm32_cube/stm32cubeide/stm32cubeide_1.0.2/stm32cubeide/plugins/com.st.stm32cube.ide.mcu.externaltools.gnu-tools-for-stm32.7-2018-q2-update.win32_1.0.0.201904181610/tools/bin/../lib/gcc/arm-none-eabi/7.3.1/thumb/v7e-m/fpv4-sp/hard/crtbegin.o
 *(.init)
 .init          0x0000000008000c5c        0x4 c:/application/software stm32_cube/stm32cubeide/stm32cubeide_1.0.2/stm32cubeide/plugins/com.st.stm32cube.ide.mcu.externaltools.gnu-tools-for-stm32.7-2018-q2-update.win32_1.0.0.201904181610/tools/bin/../lib/gcc/arm-none-eabi/7.3.1/thumb/v7e-m/fpv4-sp/hard/crti.o
                0x0000000008000c5c                _init
 .init          0x0000000008000c60        0x8 c:/application/software stm32_cube/stm32cubeide/stm32cubeide_1.0.2/stm32cubeide/plugins/com.st.stm32cube.ide.mcu.externaltools.gnu-tools-for-stm32.7-2018-q2-update.win32_1.0.0.201904181610/tools/bin/../lib/gcc/arm-none-eabi/7.3.1/thumb/v7e-m/fpv4-sp/hard/crtn.o
 *(.fini)
 .fini          0x0000000008000c68        0x4 c:/application/software stm32_cube/stm32cubeide/stm32cubeide_1.0.2/stm32cubeide/plugins/com.st.stm32cube.ide.mcu.externaltools.gnu-tools-for-stm32.7-2018-q2-update.win32_1.0.0.201904181610/tools/bin/../lib/gcc/arm-none-eabi/7.3.1/thumb/v7e-m/fpv4-sp/hard/crti.o
                0x0000000008000c68                _fini
 .fini          0x0000000008000c6c        0x8 c:/application/software stm32_cube/stm32cubeide/stm32cubeide_1.0.2/stm32cubeide/plugins/com.st.stm32cube.ide.mcu.externaltools.gnu-tools-for-stm32.7-2018-q2-update.win32_1.0.0.201904181610/tools/bin/../lib/gcc/arm-none-eabi/7.3.1/thumb/v7e-m/fpv4-sp/hard/crtn.o
                0x0000000008000c74                . = ALIGN (0x4)
                0x0000000008000c74                _etext = .

.vfp11_veneer   0x0000000008000c74        0x0
 .vfp11_veneer  0x0000000008000c74        0x0 linker stubs

.v4_bx          0x0000000008000c74        0x0
 .v4_bx         0x0000000008000c74        0x0 linker stubs

.iplt           0x0000000008000c74        0x0
 .iplt          0x0000000008000c74        0x0 c:/application/software stm32_cube/stm32cubeide/stm32cubeide_1.0.2/stm32cubeide/plugins/com.st.stm32cube.ide.mcu.externaltools.gnu-tools-for-stm32.7-2018-q2-update.win32_1.0.0.201904181610/tools/bin/../lib/gcc/arm-none-eabi/7.3.1/thumb/v7e-m/fpv4-sp/hard/crtbegin.o

.rel.dyn        0x0000000008000c74        0x0
 .rel.iplt      0x0000000008000c74        0x0 c:/application/software stm32_cube/stm32cubeide/stm32cubeide_1.0.2/stm32cubeide/plugins/com.st.stm32cube.ide.mcu.externaltools.gnu-tools-for-stm32.7-2018-q2-update.win32_1.0.0.201904181610/tools/bin/../lib/gcc/arm-none-eabi/7.3.1/thumb/v7e-m/fpv4-sp/hard/crtbegin.o

.rodata         0x0000000008000c74        0x0
                0x0000000008000c74                . = ALIGN (0x4)
 *(.rodata)
 *(.rodata*)
                0x0000000008000c74                . = ALIGN (0x4)

.ARM.extab      0x0000000008000c74        0x0
                0x0000000008000c74                . = ALIGN (0x4)
 *(.ARM.extab* .gnu.linkonce.armextab.*)
                0x0000000008000c74                . = ALIGN (0x4)

.ARM            0x0000000008000c74        0x0
                0x0000000008000c74                . = ALIGN (0x4)
                0x0000000008000c74                __exidx_start = .
 *(.ARM.exidx*)
                0x0000000008000c74                __exidx_end = .
                0x0000000008000c74                . = ALIGN (0x4)

.preinit_array  0x0000000008000c74        0x0
                0x0000000008000c74                . = ALIGN (0x4)
                0x0000000008000c74                PROVIDE (__preinit_array_start = .)
 *(.preinit_array*)
                0x0000000008000c74                PROVIDE (__preinit_array_end = .)
                0x0000000008000c74                . = ALIGN (0x4)

.init_array     0x0000000008000c74        0x4
                0x0000000008000c74                . = ALIGN (0x4)
                0x0000000008000c74                PROVIDE (__init_array_start = .)
 *(SORT_BY_NAME(.init_array.*))
 *(.init_array*)
 .init_array    0x0000000008000c74        0x4 c:/application/software stm32_cube/stm32cubeide/stm32cubeide_1.0.2/stm32cubeide/plugins/com.st.stm32cube.ide.mcu.externaltools.gnu-tools-for-stm32.7-2018-q2-update.win32_1.0.0.201904181610/tools/bin/../lib/gcc/arm-none-eabi/7.3.1/thumb/v7e-m/fpv4-sp/hard/crtbegin.o
                0x0000000008000c78                PROVIDE (__init_array_end = .)
                0x0000000008000c78                . = ALIGN (0x4)

.fini_array     0x0000000008000c78        0x4
                0x0000000008000c78                . = ALIGN (0x4)
                [!provide]                        PROVIDE (__fini_array_start = .)
 *(SORT_BY_NAME(.fini_array.*))
 *(.fini_array*)
 .fini_array    0x0000000008000c78        0x4 c:/application/software stm32_cube/stm32cubeide/stm32cubeide_1.0.2/stm32cubeide/plugins/com.st.stm32cube.ide.mcu.externaltools.gnu-tools-for-stm32.7-2018-q2-update.win32_1.0.0.201904181610/tools/bin/../lib/gcc/arm-none-eabi/7.3.1/thumb/v7e-m/fpv4-sp/hard/crtbegin.o
                [!provide]                        PROVIDE (__fini_array_end = .)
                0x0000000008000c7c                . = ALIGN (0x4)
                0x0000000008000c7c                _sidata = LOADADDR (.data)

.data           0x0000000020000000        0xc load address 0x0000000008000c7c
                0x0000000020000000                . = ALIGN (0x4)
                0x0000000020000000                _sdata = .
 *(.data)
 *(.data*)
 .data.uwTickPrio
                0x0000000020000000        0x4 Drivers/STM32F4xx_HAL_Driver/Src/stm32f4xx_hal.o
                0x0000000020000000                uwTickPrio
 .data.uwTickFreq
                0x0000000020000004        0x1 Drivers/STM32F4xx_HAL_Driver/Src/stm32f4xx_hal.o
                0x0000000020000004                uwTickFreq
 *fill*         0x0000000020000005        0x3 
 .data.SystemCoreClock
                0x0000000020000008        0x4 Src/system_stm32f4xx.o
                0x0000000020000008                SystemCoreClock
                0x000000002000000c                . = ALIGN (0x4)
                0x000000002000000c                _edata = .

.igot.plt       0x000000002000000c        0x0 load address 0x0000000008000c88
 .igot.plt      0x000000002000000c        0x0 c:/application/software stm32_cube/stm32cubeide/stm32cubeide_1.0.2/stm32cubeide/plugins/com.st.stm32cube.ide.mcu.externaltools.gnu-tools-for-stm32.7-2018-q2-update.win32_1.0.0.201904181610/tools/bin/../lib/gcc/arm-none-eabi/7.3.1/thumb/v7e-m/fpv4-sp/hard/crtbegin.o
                0x000000002000000c                . = ALIGN (0x4)

.bss            0x000000002000000c       0x60 load address 0x0000000008000c88
                0x000000002000000c                _sbss = .
                0x000000002000000c                __bss_start__ = _sbss
 *(.bss)
 .bss           0x000000002000000c       0x1c c:/application/software stm32_cube/stm32cubeide/stm32cubeide_1.0.2/stm32cubeide/plugins/com.st.stm32cube.ide.mcu.externaltools.gnu-tools-for-stm32.7-2018-q2-update.win32_1.0.0.201904181610/tools/bin/../lib/gcc/arm-none-eabi/7.3.1/thumb/v7e-m/fpv4-sp/hard/crtbegin.o
 *(.bss*)
 *(COMMON)
 COMMON         0x0000000020000028        0x4 Drivers/STM32F4xx_HAL_Driver/Src/stm32f4xx_hal.o
                0x0000000020000028                uwTick
 COMMON         0x000000002000002c       0x40 Src/main.o
                0x000000002000002c                htim6
                0x000000002000006c                . = ALIGN (0x4)
                0x000000002000006c                _ebss = .
                0x000000002000006c                __bss_end__ = _ebss

._user_heap_stack
                0x000000002000006c      0x604 load address 0x0000000008000c88
                0x0000000020000070                . = ALIGN (0x8)
 *fill*         0x000000002000006c        0x4 
                [!provide]                        PROVIDE (end = .)
                [!provide]                        PROVIDE (_end = .)
                0x0000000020000270                . = (. + _Min_Heap_Size)
 *fill*         0x0000000020000070      0x200 
                0x0000000020000670                . = (. + _Min_Stack_Size)
 *fill*         0x0000000020000270      0x400 
                0x0000000020000670                . = ALIGN (0x8)

/DISCARD/
 libc.a(*)
 libm.a(*)
 libgcc.a(*)

.ARM.attributes
                0x0000000000000000       0x30
 *(.ARM.attributes)
 .ARM.attributes
                0x0000000000000000       0x22 c:/application/software stm32_cube/stm32cubeide/stm32cubeide_1.0.2/stm32cubeide/plugins/com.st.stm32cube.ide.mcu.externaltools.gnu-tools-for-stm32.7-2018-q2-update.win32_1.0.0.201904181610/tools/bin/../lib/gcc/arm-none-eabi/7.3.1/thumb/v7e-m/fpv4-sp/hard/crti.o
 .ARM.attributes
                0x0000000000000022       0x34 c:/application/software stm32_cube/stm32cubeide/stm32cubeide_1.0.2/stm32cubeide/plugins/com.st.stm32cube.ide.mcu.externaltools.gnu-tools-for-stm32.7-2018-q2-update.win32_1.0.0.201904181610/tools/bin/../lib/gcc/arm-none-eabi/7.3.1/thumb/v7e-m/fpv4-sp/hard/crtbegin.o
 .ARM.attributes
                0x0000000000000056       0x39 Drivers/STM32F4xx_HAL_Driver/Src/stm32f4xx_hal.o
 .ARM.attributes
                0x000000000000008f       0x39 Drivers/STM32F4xx_HAL_Driver/Src/stm32f4xx_hal_cortex.o
 .ARM.attributes
                0x00000000000000c8       0x39 Drivers/STM32F4xx_HAL_Driver/Src/stm32f4xx_hal_gpio.o
 .ARM.attributes
                0x0000000000000101       0x39 Drivers/STM32F4xx_HAL_Driver/Src/stm32f4xx_hal_tim.o
 .ARM.attributes
                0x000000000000013a       0x39 Src/it.o
 .ARM.attributes
                0x0000000000000173       0x39 Src/main.o
 .ARM.attributes
                0x00000000000001ac       0x39 Src/msp.o
 .ARM.attributes
                0x00000000000001e5       0x39 Src/system_stm32f4xx.o
 .ARM.attributes
                0x000000000000021e       0x21 Startup/startup_stm32f407vgtx.o
 .ARM.attributes
                0x000000000000023f       0x34 c:/application/software stm32_cube/stm32cubeide/stm32cubeide_1.0.2/stm32cubeide/plugins/com.st.stm32cube.ide.mcu.externaltools.gnu-tools-for-stm32.7-2018-q2-update.win32_1.0.0.201904181610/tools/bin/../lib/gcc/arm-none-eabi/7.3.1/../../../../arm-none-eabi/lib/thumb/v7e-m/fpv4-sp/hard\libc_nano.a(lib_a-init.o)
 .ARM.attributes
                0x0000000000000273       0x22 c:/application/software stm32_cube/stm32cubeide/stm32cubeide_1.0.2/stm32cubeide/plugins/com.st.stm32cube.ide.mcu.externaltools.gnu-tools-for-stm32.7-2018-q2-update.win32_1.0.0.201904181610/tools/bin/../lib/gcc/arm-none-eabi/7.3.1/thumb/v7e-m/fpv4-sp/hard/crtn.o
OUTPUT(time_base_100ms.elf elf32-littlearm)

.debug_info     0x0000000000000000     0x6871
 .debug_info    0x0000000000000000      0x945 Drivers/STM32F4xx_HAL_Driver/Src/stm32f4xx_hal.o
 .debug_info    0x0000000000000945      0xe28 Drivers/STM32F4xx_HAL_Driver/Src/stm32f4xx_hal_cortex.o
 .debug_info    0x000000000000176d      0x7b5 Drivers/STM32F4xx_HAL_Driver/Src/stm32f4xx_hal_gpio.o
 .debug_info    0x0000000000001f22     0x24a9 Drivers/STM32F4xx_HAL_Driver/Src/stm32f4xx_hal_tim.o
 .debug_info    0x00000000000043cb      0x182 Src/it.o
 .debug_info    0x000000000000454d     0x11b2 Src/main.o
 .debug_info    0x00000000000056ff      0xbfc Src/msp.o
 .debug_info    0x00000000000062fb      0x554 Src/system_stm32f4xx.o
 .debug_info    0x000000000000684f       0x22 Startup/startup_stm32f407vgtx.o

.debug_abbrev   0x0000000000000000      0xe53
 .debug_abbrev  0x0000000000000000      0x1c7 Drivers/STM32F4xx_HAL_Driver/Src/stm32f4xx_hal.o
 .debug_abbrev  0x00000000000001c7      0x2fa Drivers/STM32F4xx_HAL_Driver/Src/stm32f4xx_hal_cortex.o
 .debug_abbrev  0x00000000000004c1      0x1c9 Drivers/STM32F4xx_HAL_Driver/Src/stm32f4xx_hal_gpio.o
 .debug_abbrev  0x000000000000068a      0x230 Drivers/STM32F4xx_HAL_Driver/Src/stm32f4xx_hal_tim.o
 .debug_abbrev  0x00000000000008ba       0xae Src/it.o
 .debug_abbrev  0x0000000000000968      0x222 Src/main.o
 .debug_abbrev  0x0000000000000b8a      0x18c Src/msp.o
 .debug_abbrev  0x0000000000000d16      0x12b Src/system_stm32f4xx.o
 .debug_abbrev  0x0000000000000e41       0x12 Startup/startup_stm32f407vgtx.o

.debug_aranges  0x0000000000000000      0x6e0
 .debug_aranges
                0x0000000000000000       0xf0 Drivers/STM32F4xx_HAL_Driver/Src/stm32f4xx_hal.o
 .debug_aranges
                0x00000000000000f0      0x118 Drivers/STM32F4xx_HAL_Driver/Src/stm32f4xx_hal_cortex.o
 .debug_aranges
                0x0000000000000208       0x58 Drivers/STM32F4xx_HAL_Driver/Src/stm32f4xx_hal_gpio.o
 .debug_aranges
                0x0000000000000260      0x3a8 Drivers/STM32F4xx_HAL_Driver/Src/stm32f4xx_hal_tim.o
 .debug_aranges
                0x0000000000000608       0x20 Src/it.o
 .debug_aranges
                0x0000000000000628       0x40 Src/main.o
 .debug_aranges
                0x0000000000000668       0x28 Src/msp.o
 .debug_aranges
                0x0000000000000690       0x28 Src/system_stm32f4xx.o
 .debug_aranges
                0x00000000000006b8       0x28 Startup/startup_stm32f407vgtx.o

.debug_ranges   0x0000000000000000      0x658
 .debug_ranges  0x0000000000000000       0xe0 Drivers/STM32F4xx_HAL_Driver/Src/stm32f4xx_hal.o
 .debug_ranges  0x00000000000000e0      0x108 Drivers/STM32F4xx_HAL_Driver/Src/stm32f4xx_hal_cortex.o
 .debug_ranges  0x00000000000001e8       0x48 Drivers/STM32F4xx_HAL_Driver/Src/stm32f4xx_hal_gpio.o
 .debug_ranges  0x0000000000000230      0x398 Drivers/STM32F4xx_HAL_Driver/Src/stm32f4xx_hal_tim.o
 .debug_ranges  0x00000000000005c8       0x10 Src/it.o
 .debug_ranges  0x00000000000005d8       0x30 Src/main.o
 .debug_ranges  0x0000000000000608       0x18 Src/msp.o
 .debug_ranges  0x0000000000000620       0x18 Src/system_stm32f4xx.o
 .debug_ranges  0x0000000000000638       0x20 Startup/startup_stm32f407vgtx.o

.debug_macro    0x0000000000000000    0x2038f
 .debug_macro   0x0000000000000000      0x22e Drivers/STM32F4xx_HAL_Driver/Src/stm32f4xx_hal.o
 .debug_macro   0x000000000000022e      0xa5a Drivers/STM32F4xx_HAL_Driver/Src/stm32f4xx_hal.o
 .debug_macro   0x0000000000000c88      0x18a Drivers/STM32F4xx_HAL_Driver/Src/stm32f4xx_hal.o
 .debug_macro   0x0000000000000e12       0x32 Drivers/STM32F4xx_HAL_Driver/Src/stm32f4xx_hal.o
 .debug_macro   0x0000000000000e44       0x2f Drivers/STM32F4xx_HAL_Driver/Src/stm32f4xx_hal.o
 .debug_macro   0x0000000000000e73       0x22 Drivers/STM32F4xx_HAL_Driver/Src/stm32f4xx_hal.o
 .debug_macro   0x0000000000000e95       0x8e Drivers/STM32F4xx_HAL_Driver/Src/stm32f4xx_hal.o
 .debug_macro   0x0000000000000f23       0x51 Drivers/STM32F4xx_HAL_Driver/Src/stm32f4xx_hal.o
 .debug_macro   0x0000000000000f74       0xef Drivers/STM32F4xx_HAL_Driver/Src/stm32f4xx_hal.o
 .debug_macro   0x0000000000001063       0x6a Drivers/STM32F4xx_HAL_Driver/Src/stm32f4xx_hal.o
 .debug_macro   0x00000000000010cd      0x1df Drivers/STM32F4xx_HAL_Driver/Src/stm32f4xx_hal.o
 .debug_macro   0x00000000000012ac       0x1c Drivers/STM32F4xx_HAL_Driver/Src/stm32f4xx_hal.o
 .debug_macro   0x00000000000012c8       0x22 Drivers/STM32F4xx_HAL_Driver/Src/stm32f4xx_hal.o
 .debug_macro   0x00000000000012ea       0xdf Drivers/STM32F4xx_HAL_Driver/Src/stm32f4xx_hal.o
 .debug_macro   0x00000000000013c9     0x102d Drivers/STM32F4xx_HAL_Driver/Src/stm32f4xx_hal.o
 .debug_macro   0x00000000000023f6      0x11f Drivers/STM32F4xx_HAL_Driver/Src/stm32f4xx_hal.o
 .debug_macro   0x0000000000002515    0x15e3c Drivers/STM32F4xx_HAL_Driver/Src/stm32f4xx_hal.o
 .debug_macro   0x0000000000018351       0x43 Drivers/STM32F4xx_HAL_Driver/Src/stm32f4xx_hal.o
 .debug_macro   0x0000000000018394     0x3652 Drivers/STM32F4xx_HAL_Driver/Src/stm32f4xx_hal.o
 .debug_macro   0x000000000001b9e6      0x174 Drivers/STM32F4xx_HAL_Driver/Src/stm32f4xx_hal.o
 .debug_macro   0x000000000001bb5a       0x5a Drivers/STM32F4xx_HAL_Driver/Src/stm32f4xx_hal.o
 .debug_macro   0x000000000001bbb4      0x96b Drivers/STM32F4xx_HAL_Driver/Src/stm32f4xx_hal.o
 .debug_macro   0x000000000001c51f      0x9fe Drivers/STM32F4xx_HAL_Driver/Src/stm32f4xx_hal.o
 .debug_macro   0x000000000001cf1d      0x174 Drivers/STM32F4xx_HAL_Driver/Src/stm32f4xx_hal.o
 .debug_macro   0x000000000001d091      0x117 Drivers/STM32F4xx_HAL_Driver/Src/stm32f4xx_hal.o
 .debug_macro   0x000000000001d1a8      0x13e Drivers/STM32F4xx_HAL_Driver/Src/stm32f4xx_hal.o
 .debug_macro   0x000000000001d2e6       0x27 Drivers/STM32F4xx_HAL_Driver/Src/stm32f4xx_hal.o
 .debug_macro   0x000000000001d30d      0x287 Drivers/STM32F4xx_HAL_Driver/Src/stm32f4xx_hal.o
 .debug_macro   0x000000000001d594       0x5f Drivers/STM32F4xx_HAL_Driver/Src/stm32f4xx_hal.o
 .debug_macro   0x000000000001d5f3      0x236 Drivers/STM32F4xx_HAL_Driver/Src/stm32f4xx_hal.o
 .debug_macro   0x000000000001d829      0x12c Drivers/STM32F4xx_HAL_Driver/Src/stm32f4xx_hal.o
 .debug_macro   0x000000000001d955      0x21e Drivers/STM32F4xx_HAL_Driver/Src/stm32f4xx_hal.o
 .debug_macro   0x000000000001db73       0x2e Drivers/STM32F4xx_HAL_Driver/Src/stm32f4xx_hal.o
 .debug_macro   0x000000000001dba1      0x11a Drivers/STM32F4xx_HAL_Driver/Src/stm32f4xx_hal.o
 .debug_macro   0x000000000001dcbb       0x7e Drivers/STM32F4xx_HAL_Driver/Src/stm32f4xx_hal.o
 .debug_macro   0x000000000001dd39       0x89 Drivers/STM32F4xx_HAL_Driver/Src/stm32f4xx_hal.o
 .debug_macro   0x000000000001ddc2      0x8a0 Drivers/STM32F4xx_HAL_Driver/Src/stm32f4xx_hal.o
 .debug_macro   0x000000000001e662       0x47 Drivers/STM32F4xx_HAL_Driver/Src/stm32f4xx_hal.o
 .debug_macro   0x000000000001e6a9      0x287 Drivers/STM32F4xx_HAL_Driver/Src/stm32f4xx_hal.o
 .debug_macro   0x000000000001e930      0x12d Drivers/STM32F4xx_HAL_Driver/Src/stm32f4xx_hal.o
 .debug_macro   0x000000000001ea5d      0x1ce Drivers/STM32F4xx_HAL_Driver/Src/stm32f4xx_hal_cortex.o
 .debug_macro   0x000000000001ec2b      0x204 Drivers/STM32F4xx_HAL_Driver/Src/stm32f4xx_hal_gpio.o
 .debug_macro   0x000000000001ee2f      0x1cf Drivers/STM32F4xx_HAL_Driver/Src/stm32f4xx_hal_tim.o
 .debug_macro   0x000000000001effe      0x1e6 Src/it.o
 .debug_macro   0x000000000001f1e4      0x362 Src/main.o
 .debug_macro   0x000000000001f546       0x46 Src/main.o
 .debug_macro   0x000000000001f58c       0x18 Src/main.o
 .debug_macro   0x000000000001f5a4       0x3c Src/main.o
 .debug_macro   0x000000000001f5e0       0x34 Src/main.o
 .debug_macro   0x000000000001f614       0x16 Src/main.o
 .debug_macro   0x000000000001f62a       0x35 Src/main.o
 .debug_macro   0x000000000001f65f      0x32a Src/main.o
 .debug_macro   0x000000000001f989       0x10 Src/main.o
 .debug_macro   0x000000000001f999       0x52 Src/main.o
 .debug_macro   0x000000000001f9eb       0x1f Src/main.o
 .debug_macro   0x000000000001fa0a       0x43 Src/main.o
 .debug_macro   0x000000000001fa4d       0x20 Src/main.o
 .debug_macro   0x000000000001fa6d      0x1a3 Src/main.o
 .debug_macro   0x000000000001fc10       0x10 Src/main.o
 .debug_macro   0x000000000001fc20       0x1c Src/main.o
 .debug_macro   0x000000000001fc3c       0x52 Src/main.o
 .debug_macro   0x000000000001fc8e       0x40 Src/main.o
 .debug_macro   0x000000000001fcce       0x10 Src/main.o
 .debug_macro   0x000000000001fcde       0x40 Src/main.o
 .debug_macro   0x000000000001fd1e       0xd7 Src/main.o
 .debug_macro   0x000000000001fdf5       0x1c Src/main.o
 .debug_macro   0x000000000001fe11       0x3d Src/main.o
 .debug_macro   0x000000000001fe4e       0x16 Src/main.o
 .debug_macro   0x000000000001fe64      0x145 Src/main.o
 .debug_macro   0x000000000001ffa9       0x16 Src/main.o
 .debug_macro   0x000000000001ffbf       0x20 Src/main.o
 .debug_macro   0x000000000001ffdf      0x1dc Src/msp.o
 .debug_macro   0x00000000000201bb      0x1d4 Src/system_stm32f4xx.o

.debug_line     0x0000000000000000     0x5c29
 .debug_line    0x0000000000000000      0x9f6 Drivers/STM32F4xx_HAL_Driver/Src/stm32f4xx_hal.o
 .debug_line    0x00000000000009f6      0xb1a Drivers/STM32F4xx_HAL_Driver/Src/stm32f4xx_hal_cortex.o
 .debug_line    0x0000000000001510      0x9d5 Drivers/STM32F4xx_HAL_Driver/Src/stm32f4xx_hal_gpio.o
 .debug_line    0x0000000000001ee5     0x1a6f Drivers/STM32F4xx_HAL_Driver/Src/stm32f4xx_hal_tim.o
 .debug_line    0x0000000000003954      0x7e4 Src/it.o
 .debug_line    0x0000000000004138      0xa77 Src/main.o
 .debug_line    0x0000000000004baf      0x7f2 Src/msp.o
 .debug_line    0x00000000000053a1      0x807 Src/system_stm32f4xx.o
 .debug_line    0x0000000000005ba8       0x81 Startup/startup_stm32f407vgtx.o

.debug_str      0x0000000000000000    0xc8049
 .debug_str     0x0000000000000000    0xc266b Drivers/STM32F4xx_HAL_Driver/Src/stm32f4xx_hal.o
                                      0xc29f2 (size before relaxing)
 .debug_str     0x00000000000c266b      0x3fc Drivers/STM32F4xx_HAL_Driver/Src/stm32f4xx_hal_cortex.o
                                      0xc27e1 (size before relaxing)
 .debug_str     0x00000000000c2a67      0x292 Drivers/STM32F4xx_HAL_Driver/Src/stm32f4xx_hal_gpio.o
                                      0xc2164 (size before relaxing)
 .debug_str     0x00000000000c2cf9     0x1140 Drivers/STM32F4xx_HAL_Driver/Src/stm32f4xx_hal_tim.o
                                      0xc3031 (size before relaxing)
 .debug_str     0x00000000000c3e39       0x34 Src/it.o
                                      0xc1d99 (size before relaxing)
 .debug_str     0x00000000000c3e6d     0x412c Src/main.o
                                      0xc64bd (size before relaxing)
 .debug_str     0x00000000000c7f99       0x14 Src/msp.o
                                      0xc280b (size before relaxing)
 .debug_str     0x00000000000c7fad       0x6b Src/system_stm32f4xx.o
                                      0xc1f20 (size before relaxing)
 .debug_str     0x00000000000c8018       0x31 Startup/startup_stm32f407vgtx.o
                                         0x77 (size before relaxing)

.comment        0x0000000000000000       0x7b
 .comment       0x0000000000000000       0x7b Drivers/STM32F4xx_HAL_Driver/Src/stm32f4xx_hal.o
                                         0x7c (size before relaxing)
 .comment       0x000000000000007b       0x7c Drivers/STM32F4xx_HAL_Driver/Src/stm32f4xx_hal_cortex.o
 .comment       0x000000000000007b       0x7c Drivers/STM32F4xx_HAL_Driver/Src/stm32f4xx_hal_gpio.o
 .comment       0x000000000000007b       0x7c Drivers/STM32F4xx_HAL_Driver/Src/stm32f4xx_hal_tim.o
 .comment       0x000000000000007b       0x7c Src/it.o
 .comment       0x000000000000007b       0x7c Src/main.o
 .comment       0x000000000000007b       0x7c Src/msp.o
 .comment       0x000000000000007b       0x7c Src/system_stm32f4xx.o

.debug_frame    0x0000000000000000     0x1bf4
 .debug_frame   0x0000000000000000      0x374 Drivers/STM32F4xx_HAL_Driver/Src/stm32f4xx_hal.o
 .debug_frame   0x0000000000000374      0x498 Drivers/STM32F4xx_HAL_Driver/Src/stm32f4xx_hal_cortex.o
 .debug_frame   0x000000000000080c      0x14c Drivers/STM32F4xx_HAL_Driver/Src/stm32f4xx_hal_gpio.o
 .debug_frame   0x0000000000000958     0x10f0 Drivers/STM32F4xx_HAL_Driver/Src/stm32f4xx_hal_tim.o
 .debug_frame   0x0000000000001a48       0x2c Src/it.o
 .debug_frame   0x0000000000001a74       0xac Src/main.o
 .debug_frame   0x0000000000001b20       0x50 Src/msp.o
 .debug_frame   0x0000000000001b70       0x58 Src/system_stm32f4xx.o
 .debug_frame   0x0000000000001bc8       0x2c c:/application/software stm32_cube/stm32cubeide/stm32cubeide_1.0.2/stm32cubeide/plugins/com.st.stm32cube.ide.mcu.externaltools.gnu-tools-for-stm32.7-2018-q2-update.win32_1.0.0.201904181610/tools/bin/../lib/gcc/arm-none-eabi/7.3.1/../../../../arm-none-eabi/lib/thumb/v7e-m/fpv4-sp/hard\libc_nano.a(lib_a-init.o)
